src/server/modules/accounting.ts(2,20): error TS2307: Cannot find module '@/lib/prisma' or its corresponding type declarations.
src/server/modules/accounting.ts(3,32): error TS2307: Cannot find module '@/server/utils/revalidate' or its corresponding type declarations.
src/server/modules/accounting.ts(74,37): error TS2339: Property 'type' does not exist on type 'unknown'.
src/server/modules/accounting.ts(75,34): error TS2339: Property 'id' does not exist on type 'unknown'.
src/server/modules/check-passing-items.ts(2,20): error TS2307: Cannot find module '@/lib/prisma' or its corresponding type declarations.
src/server/modules/integrations.ts(1,20): error TS2307: Cannot find module '@/lib/prisma' or its corresponding type declarations.
src/server/modules/integrations.ts(211,53): error TS2307: Cannot find module '@/server/queues/redis' or its corresponding type declarations.
src/server/modules/notifications.ts(1,20): error TS2307: Cannot find module '@/lib/prisma' or its corresponding type declarations.
src/server/modules/notifications.ts(3,40): error TS2307: Cannot find module '@/server/queues/notifications' or its corresponding type declarations.
src/server/modules/purchases.ts(1,20): error TS2307: Cannot find module '@/lib/prisma' or its corresponding type declarations.
src/server/modules/purchases.ts(3,130): error TS2307: Cannot find module '@/types' or its corresponding type declarations.
src/server/modules/purchases.ts(10,38): error TS2307: Cannot find module '@/services/purchases' or its corresponding type declarations.
src/server/modules/purchases.ts(457,29): error TS2339: Property 'quantity' does not exist on type 'unknown'.
src/server/modules/purchases.ts(458,91): error TS2339: Property 'lotNumber' does not exist on type 'unknown'.
src/server/modules/purchases.ts(458,145): error TS2339: Property 'quantity' does not exist on type 'unknown'.
src/server/modules/purchases.ts(596,77): error TS2339: Property 'productId' does not exist on type 'unknown'.
src/server/modules/purchases.ts(596,92): error TS2339: Property 'variantId' does not exist on type 'unknown'.
src/server/modules/purchases.ts(597,45): error TS2339: Property 'quantity' does not exist on type 'unknown'.
src/server/modules/purchases.ts(598,82): error TS2339: Property 'reservedQuantity' does not exist on type 'unknown'.
src/server/modules/purchases.ts(603,91): error TS2339: Property 'reservedQuantity' does not exist on type 'unknown'.
src/server/modules/purchases.ts(618,33): error TS2339: Property 'productId' does not exist on type 'unknown'.
src/server/modules/purchases.ts(619,33): error TS2339: Property 'variantId' does not exist on type 'unknown'.
src/server/modules/purchases.ts(1495,46): error TS2802: Type 'MapIterator<[string, number]>' can only be iterated through when using the '--downlevelIteration' flag or with a '--target' of 'es2015' or higher.
src/server/modules/purchases.ts(1598,50): error TS2802: Type 'MapIterator<[string, number]>' can only be iterated through when using the '--downlevelIteration' flag or with a '--target' of 'es2015' or higher.
src/server/modules/sms-notifications.ts(1,20): error TS2307: Cannot find module '@/lib/prisma' or its corresponding type declarations.
src/server/modules/sms-notifications.ts(3,46): error TS2307: Cannot find module '@/lib/phone' or its corresponding type declarations.
src/server/modules/sms-notifications.ts(6,41): error TS2307: Cannot find module '@/lib/sms-settings' or its corresponding type declarations.
src/server/modules/sms-notifications.ts(8,31): error TS2307: Cannot find module '@/server/queues/notifications' or its corresponding type declarations.
src/server/modules/sms-notifications.ts(9,32): error TS2307: Cannot find module '@/lib/order-statuses' or its corresponding type declarations.
src/server/modules/sms-notifications.ts(10,35): error TS2307: Cannot find module '@/lib/notification-defaults' or its corresponding type declarations.
src/server/modules/staff-auth.ts(2,20): error TS2307: Cannot find module '@/lib/prisma' or its corresponding type declarations.
src/server/modules/staff-auth.ts(3,38): error TS2307: Cannot find module '@/lib/staff-permissions' or its corresponding type declarations.
src/server/modules/staff-auth.ts(4,34): error TS2307: Cannot find module '@/lib/page-access' or its corresponding type declarations.
src/server/modules/staff-auth.ts(5,35): error TS2307: Cannot find module '@server/utils/staffCode' or its corresponding type declarations.
src/server/modules/staff-auth.ts(6,68): error TS2307: Cannot find module '@server/utils/staff-compensation' or its corresponding type declarations.
src/server/modules/staff-auth.ts(7,32): error TS2307: Cannot find module '@/server/queues/redis' or its corresponding type declarations.
src/server/modules/stock-sync.ts(3,20): error TS2307: Cannot find module '@/lib/prisma' or its corresponding type declarations.
src/server/modules/stock-sync.ts(8,32): error TS2307: Cannot find module '@/server/queues/redis' or its corresponding type declarations.
src/server/modules/stock-sync.ts(9,34): error TS2307: Cannot find module '@/server/utils/load-shed' or its corresponding type declarations.
src/server/modules/stock-sync.ts(10,36): error TS2307: Cannot find module '@/server/utils/app-settings' or its corresponding type declarations.
src/server/modules/stock-sync.ts(251,30): error TS2802: Type 'MapIterator<[string, { expires: number; targets: WooTarget[]; }]>' can only be iterated through when using the '--downlevelIteration' flag or with a '--target' of 'es2015' or higher.
src/server/modules/stock-sync.ts(254,30): error TS2802: Type 'MapIterator<[string, { expires: number; productType: string; }]>' can only be iterated through when using the '--downlevelIteration' flag or with a '--target' of 'es2015' or higher.
src/server/modules/stock-sync.ts(257,27): error TS2802: Type 'MapIterator<[string, number]>' can only be iterated through when using the '--downlevelIteration' flag or with a '--target' of 'es2015' or higher.
src/server/modules/stock-sync.ts(260,27): error TS2802: Type 'MapIterator<[string, number]>' can only be iterated through when using the '--downlevelIteration' flag or with a '--target' of 'es2015' or higher.
src/server/utils/app-settings.ts(1,20): error TS2307: Cannot find module '@/lib/prisma' or its corresponding type declarations.
src/server/utils/app-settings.ts(3,73): error TS2307: Cannot find module '@/lib/badges' or its corresponding type declarations.
src/server/utils/notification-settings.ts(1,20): error TS2307: Cannot find module '@/lib/prisma' or its corresponding type declarations.
src/server/utils/notification-settings.ts(6,8): error TS2307: Cannot find module '@/lib/notification-defaults' or its corresponding type declarations.
src/server/utils/sms-settings.ts(1,20): error TS2307: Cannot find module '@/lib/prisma' or its corresponding type declarations.
src/server/utils/sms-settings.ts(6,8): error TS2307: Cannot find module '@/lib/sms-settings' or its corresponding type declarations.
