scripts/check-data.ts(6,39): error TS2339: Property 'wooIntegration' does not exist on type 'PrismaClient<PrismaClientOptions, never, DefaultArgs>'.
scripts/get-integration.ts(6,38): error TS2339: Property 'wooIntegration' does not exist on type 'PrismaClient<PrismaClientOptions, never, DefaultArgs>'.
src/app/api/orders/incomplete/[id]/convert/route.ts(3,29): error TS2305: Module '"@/lib/security"' has no exported member 'getActorDetails'.
src/app/api/webhooks/steadfast/route.ts(44,24): error TS2820: Type '"InCourier"' is not assignable to type 'PrismaOrderStatus | null'. Did you mean '"In_Courier"'?
src/app/dashboard/accounting/checks/page.tsx(83,45): error TS2551: Property 'productionStep' does not exist on type '{ ProductionStep: { id: string; createdAt: Date; paidAmount: number; note: string | null; poId: string; vendorId: string | null; paymentStatus: PaymentStatus; stepType: ProductionStepType; ... 13 more ...; ratePerQty: number; } | null; PurchaseOrder: { ...; }; Vendor: { ...; } | null; } & { ...; }'. Did you mean 'ProductionStep'?
src/app/dashboard/accounting/checks/page.tsx(101,64): error TS2551: Property 'vendor' does not exist on type '{ ProductionStep: { id: string; createdAt: Date; paidAmount: number; note: string | null; poId: string; vendorId: string | null; paymentStatus: PaymentStatus; stepType: ProductionStepType; ... 13 more ...; ratePerQty: number; } | null; PurchaseOrder: { ...; }; Vendor: { ...; } | null; } & { ...; }'. Did you mean 'Vendor'?
src/app/dashboard/accounting/checks/page.tsx(165,38): error TS2551: Property 'productionStep' does not exist on type '{ ProductionStep: { id: string; createdAt: Date; paidAmount: number; note: string | null; poId: string; vendorId: string | null; paymentStatus: PaymentStatus; stepType: ProductionStepType; ... 13 more ...; ratePerQty: number; } | null; PurchaseOrder: { ...; }; Vendor: { ...; } | null; } & { ...; }'. Did you mean 'ProductionStep'?
src/app/dashboard/accounting/checks/page.tsx(168,38): error TS2551: Property 'vendor' does not exist on type '{ ProductionStep: { id: string; createdAt: Date; paidAmount: number; note: string | null; poId: string; vendorId: string | null; paymentStatus: PaymentStatus; stepType: ProductionStepType; ... 13 more ...; ratePerQty: number; } | null; PurchaseOrder: { ...; }; Vendor: { ...; } | null; } & { ...; }'. Did you mean 'Vendor'?
src/app/dashboard/partners/payment/[id]/invoice/page.tsx(25,44): error TS2339: Property 'address' does not exist on type '{ id: string; name: string; createdAt: Date; updatedAt: Date; email: string; phone: string; type: string; contactPerson: string; creditBalance: number; }'.
src/app/dashboard/purchases/[id]/client-page.tsx(990,13): error TS2322: Type '{ itemId: string; quantity: number; wastageQty: number; pindaBreakdown: number[]; }[] | undefined' is not assignable to type '{ itemId: string; quantity: number; wastageQty?: number | undefined; pindaBreakdown?: number[] | undefined; }[]'.
  Type 'undefined' is not assignable to type '{ itemId: string; quantity: number; wastageQty?: number | undefined; pindaBreakdown?: number[] | undefined; }[]'.
src/app/dashboard/purchases/[id]/client-page.tsx(2514,53): error TS2322: Type '"xs"' is not assignable to type '"default" | "sm" | "lg" | "icon" | null | undefined'.
src/app/dashboard/purchases/[id]/client-page.tsx(3251,134): error TS2339: Property 'fabricSource' does not exist on type 'ProductionStep'.
src/app/dashboard/purchases/[id]/client-page.tsx(3255,157): error TS2339: Property 'id' does not exist on type 'string'.
src/app/dashboard/staff/[id]/page.tsx(162,54): error TS2358: The left-hand side of an 'instanceof' expression must be of type 'any', an object type or a type parameter.
src/app/dashboard/staff/[id]/page.tsx(205,54): error TS2358: The left-hand side of an 'instanceof' expression must be of type 'any', an object type or a type parameter.
src/app/dashboard/staff/[id]/page.tsx(1153,98): error TS2339: Property 'username' does not exist on type 'StaffMemberUI'.
src/app/track-order/[query]/page.tsx(20,7): error TS2739: Type '{ New: string; Confirmed: string; 'Packing Hold': string; Canceled: string; Hold: string; 'In-Courier': string; 'RTS (Ready to Ship)': string; Shipped: string; Delivered: string; 'Return Pending': string; ... 5 more ...; Damaged: string; }' is missing the following properties from type 'Record<OrderStatus, string>': Packing_Hold, In_Courier, RTS__Ready_to_Ship_, Return_Pending, Incomplete_Cancelled
src/lib/placeholder-data.ts(563,64): error TS2739: Type '{ Draft: number; New: number; Confirmed: number; 'Packing Hold': number; Canceled: number; Hold: number; 'In-Courier': number; 'RTS (Ready to Ship)': number; Shipped: number; Delivered: number; 'Return Pending': number; ... 4 more ...; Damaged: number; }' is missing the following properties from type 'Record<OrderStatus, number>': Packing_Hold, In_Courier, RTS__Ready_to_Ship_, Return_Pending, Incomplete_Cancelled
src/lib/placeholder-data.ts(564,9): error TS2741: Property 'totalFines' is missing in type '{ totalEarned: number; totalPaid: number; dueAmount: number; }' but required in type '{ totalEarned: number; totalPaid: number; totalFines: number; dueAmount: number; }'.
src/lib/placeholder-data.ts(587,66): error TS2739: Type '{ Draft: number; New: number; Confirmed: number; 'Packing Hold': number; Canceled: number; Hold: number; 'In-Courier': number; 'RTS (Ready to Ship)': number; Shipped: number; Delivered: number; 'Return Pending': number; ... 4 more ...; Damaged: number; }' is missing the following properties from type 'Record<OrderStatus, number>': Packing_Hold, In_Courier, RTS__Ready_to_Ship_, Return_Pending, Incomplete_Cancelled
src/lib/placeholder-data.ts(588,9): error TS2741: Property 'totalFines' is missing in type '{ totalEarned: number; totalPaid: number; dueAmount: number; }' but required in type '{ totalEarned: number; totalPaid: number; totalFines: number; dueAmount: number; }'.
src/lib/placeholder-data.ts(614,62): error TS2739: Type '{ Draft: number; New: number; Confirmed: number; 'Packing Hold': number; Canceled: number; Hold: number; 'In-Courier': number; 'RTS (Ready to Ship)': number; Shipped: number; Delivered: number; 'Return Pending': number; ... 4 more ...; Damaged: number; }' is missing the following properties from type 'Record<OrderStatus, number>': Packing_Hold, In_Courier, RTS__Ready_to_Ship_, Return_Pending, Incomplete_Cancelled
src/lib/placeholder-data.ts(615,9): error TS2741: Property 'totalFines' is missing in type '{ totalEarned: number; totalPaid: number; dueAmount: number; }' but required in type '{ totalEarned: number; totalPaid: number; totalFines: number; dueAmount: number; }'.
src/lib/placeholder-data.ts(635,62): error TS2739: Type '{ Draft: number; New: number; Confirmed: number; 'Packing Hold': number; Canceled: number; Hold: number; 'In-Courier': number; 'RTS (Ready to Ship)': number; Shipped: number; Delivered: number; 'Return Pending': number; ... 4 more ...; Damaged: number; }' is missing the following properties from type 'Record<OrderStatus, number>': Packing_Hold, In_Courier, RTS__Ready_to_Ship_, Return_Pending, Incomplete_Cancelled
src/lib/placeholder-data.ts(636,9): error TS2741: Property 'totalFines' is missing in type '{ totalEarned: number; totalPaid: number; dueAmount: number; }' but required in type '{ totalEarned: number; totalPaid: number; totalFines: number; dueAmount: number; }'.
src/lib/placeholder-data.ts(653,62): error TS2739: Type '{ Draft: number; New: number; Confirmed: number; 'Packing Hold': number; Canceled: number; Hold: number; 'In-Courier': number; 'RTS (Ready to Ship)': number; Shipped: number; Delivered: number; 'Return Pending': number; ... 4 more ...; Damaged: number; }' is missing the following properties from type 'Record<OrderStatus, number>': Packing_Hold, In_Courier, RTS__Ready_to_Ship_, Return_Pending, Incomplete_Cancelled
src/lib/placeholder-data.ts(654,9): error TS2741: Property 'totalFines' is missing in type '{ totalEarned: number; totalPaid: number; dueAmount: number; }' but required in type '{ totalEarned: number; totalPaid: number; totalFines: number; dueAmount: number; }'.
src/lib/placeholder-data.ts(671,63): error TS2739: Type '{ Draft: number; New: number; Confirmed: number; 'Packing Hold': number; Canceled: number; Hold: number; 'In-Courier': number; 'RTS (Ready to Ship)': number; Shipped: number; Delivered: number; 'Return Pending': number; ... 4 more ...; Damaged: number; }' is missing the following properties from type 'Record<OrderStatus, number>': Packing_Hold, In_Courier, RTS__Ready_to_Ship_, Return_Pending, Incomplete_Cancelled
src/lib/placeholder-data.ts(672,9): error TS2741: Property 'totalFines' is missing in type '{ totalEarned: number; totalPaid: number; dueAmount: number; }' but required in type '{ totalEarned: number; totalPaid: number; totalFines: number; dueAmount: number; }'.
src/server/modules/issues.ts(73,39): error TS2551: Property 'order' does not exist on type '{ Order: { id: string; orderNumber: string | null; } | null; StaffMember: { id: string; name: string; } | null; IssueLog: { id: string; user: string; timestamp: Date; action: string; issueId: string; }[]; } & { ...; }'. Did you mean 'Order'?
src/server/modules/issues.ts(73,80): error TS2551: Property 'order' does not exist on type '{ Order: { id: string; orderNumber: string | null; } | null; StaffMember: { id: string; name: string; } | null; IssueLog: { id: string; user: string; timestamp: Date; action: string; issueId: string; }[]; } & { ...; }'. Did you mean 'Order'?
src/server/modules/orders.ts(833,9): error TS2353: Object literal may only specify known properties, and 'logs' does not exist in type 'OrderInclude<DefaultArgs>'.
src/server/modules/orders.ts(1319,154): error TS2353: Object literal may only specify known properties, and 'logs' does not exist in type 'OrderInclude<DefaultArgs>'.
src/server/modules/purchases.ts(131,43): error TS7006: Parameter 's' implicitly has an 'any' type.
src/server/modules/purchases.ts(131,46): error TS7006: Parameter 'item' implicitly has an 'any' type.
src/server/modules/purchases.ts(133,43): error TS7006: Parameter 's' implicitly has an 'any' type.
src/server/modules/purchases.ts(133,46): error TS7006: Parameter 'item' implicitly has an 'any' type.
src/server/modules/purchases.ts(700,101): error TS2551: Property 'product' does not exist on type '{ id: string; createdAt: Date; updatedAt: Date; productId: string; variantId: string | null; quantity: number; unitCost: number; poId: string; cuttingCost: number; finalQty: number | null; ... 13 more ...; finishingWastageQty: number; }'. Did you mean 'productId'?
src/server/modules/purchases.ts(718,42): error TS2339: Property 'orderNumber' does not exist on type '{ PurchaseOrderItem: { id: string; createdAt: Date; updatedAt: Date; productId: string; variantId: string | null; quantity: number; unitCost: number; poId: string; cuttingCost: number; ... 14 more ...; finishingWastageQty: number; }[]; } & { ...; }'.
src/server/modules/purchases.ts(872,51): error TS2339: Property 'orderNumber' does not exist on type '{ PurchaseOrderItem: { id: string; createdAt: Date; updatedAt: Date; productId: string; variantId: string | null; quantity: number; unitCost: number; poId: string; cuttingCost: number; ... 14 more ...; finishingWastageQty: number; }[]; } & { ...; }'.
src/server/modules/purchases.ts(909,25): error TS2322: Type '{ status: "Received" | "PartialReceived"; description: string; user: string | undefined; }' is not assignable to type '(Without<PurchaseOrderLogCreateWithoutPurchaseOrderInput, PurchaseOrderLogUncheckedCreateWithoutPurchaseOrderInput> & PurchaseOrderLogUncheckedCreateWithoutPurchaseOrderInput) | (Without<...> & PurchaseOrderLogCreateWithoutPurchaseOrderInput) | PurchaseOrderLogCreateWithoutPurchaseOrderInput[] | PurchaseOrderLogUnch...'.
  Type '{ status: "Received" | "PartialReceived"; description: string; user: string | undefined; }' is not assignable to type 'undefined'.
